[www.lovevivah.com/index.html]
[backblue.gif]
[fade.gif]
[index.html]
[www.lovevivah.com/assets/images/icons/favicon_medium.png]
[www.lovevivah.com/assets/js/angular.min.js]
[www.lovevivah.com/assets/js/angular-sanitize.js]
[www.lovevivah.com/guaranteed-vivah.html]
[www.lovevivah.com/assets/images/lvg.png]
[www.lovevivah.com/assets/images/lvg-services.png]
[www.lovevivah.com/assets/images/elite/elite33860.png]
[www.lovevivah.com/assets/images/elite/elite43860.png]
[www.lovevivah.com/assets/js/reg8e0e.js]
[www.lovevivah.com/about-us.html]
[www.lovevivah.com/login_controller/login.html]
[www.lovevivah.com/membership.html]
[www.lovevivah.com/help-support.html]
[www.lovevivah.com/contact-us.html]
[www.lovevivah.com/download-app.html]
[www.lovevivah.com/media-pr.html]
[www.lovevivah.com/assets/images/logo.png]
[www.lovevivah.com/success-stories/view-success-stories7a8c.html]
[www.lovevivah.com/success-stories/view-success-stories.html]
[www.lovevivah.com/assets/images/MobileAppHome3860.png]
[www.lovevivah.com/assets/images/Elite-logo.png]
[www.lovevivah.com/elite-services.html]
[www.lovevivah.com/assets/images/EliteLogo.png]
[www.lovevivah.com/assets/images/Elite-bg1.jpg]
[www.lovevivah.com/assets/images/back.jpg]
[www.lovevivah.com/assets/images/bg-box.png]
[www.lovevivah.com/assets/images/bg-box-hover.png]
[www.lovevivah.com/matrimony/hindu-matrimony.html]
[www.lovevivah.com/matrimony/jain-matrimony.html]
[www.lovevivah.com/matrimony/muslim-matrimony.html]
[www.lovevivah.com/matrimony/christian-matrimony.html]
[www.lovevivah.com/matrimony/sikh-matrimony.html]
[www.lovevivah.com/matrimony/parsi-matrimony.html]
[www.lovevivah.com/matrimony/buddhist-matrimony.html]
[www.lovevivah.com/matrimony/jewish-matrimony.html]
[www.lovevivah.com/matrimony/agarwal-matrimony.html]
[www.lovevivah.com/matrimony/gupta-matrimony.html]
[www.lovevivah.com/matrimony/arora-matrimony.html]
[www.lovevivah.com/matrimony/baniya-matrimony.html]
[www.lovevivah.com/matrimony/brahmin-matrimony.html]
[www.lovevivah.com/matrimony/jat-matrimony.html]
[www.lovevivah.com/matrimony/kayastha-matrimony.html]
[www.lovevivah.com/matrimony/khatri-matrimony.html]
[www.lovevivah.com/matrimony/rajput-matrimony.html]
[www.lovevivah.com/matrimony/sunni-matrimony.html]
[www.lovevivah.com/matrimony/delhi-matrimony.html]
[www.lovevivah.com/matrimony/chandigarh-matrimony.html]
[www.lovevivah.com/matrimony/gujarat-matrimony.html]
[www.lovevivah.com/matrimony/haryana-matrimony.html]
[www.lovevivah.com/matrimony/karnataka-matrimony.html]
[www.lovevivah.com/matrimony/maharashtra-matrimony.html]
[www.lovevivah.com/matrimony/punjab-matrimony.html]
[www.lovevivah.com/matrimony/rajasthan-matrimony.html]
[www.lovevivah.com/matrimony/uttar-pradesh-matrimony.html]
[www.lovevivah.com/matrimony/west-bengal-matrimony.html]
[www.lovevivah.com/matrimony/telangana-matrimony.html]
[www.lovevivah.com/matrimony/madhya-pradesh-matrimony.html]
[www.lovevivah.com/matrimony/andhra-pradesh-matrimony.html]
[www.lovevivah.com/matrimony/tamil-nadu-matrimony.html]
[www.lovevivah.com/matrimony/kerala-matrimony.html]
[www.lovevivah.com/matrimony/bengali-matrimony.html]
[www.lovevivah.com/matrimony/gujarati-matrimony.html]
[www.lovevivah.com/matrimony/hindi-matrimony.html]
[www.lovevivah.com/matrimony/kannada-matrimony.html]
[www.lovevivah.com/matrimony/malayalam-matrimony.html]
[www.lovevivah.com/matrimony/marathi-matrimony.html]
[www.lovevivah.com/matrimony/punjabi-matrimony.html]
[www.lovevivah.com/matrimony/tamil-matrimony.html]
[www.lovevivah.com/matrimony/telugu-matrimony.html]
[www.lovevivah.com/matrimony/urdu-matrimony.html]
[www.lovevivah.com/matrimony/india-matrimony.html]
[www.lovevivah.com/matrimony/usa-matrimony.html]
[www.lovevivah.com/matrimony/uk-matrimony.html]
[www.lovevivah.com/matrimony/canada-matrimony.html]
[www.lovevivah.com/matrimony/australia-matrimony.html]
[www.lovevivah.com/faq.html]
[www.lovevivah.com/sitemap.html]
[www.lovevivah.com/privacy-policy.html]
[www.lovevivah.com/terms-conditions.html]
[www.lovevivah.com/disclaimer.html]
[www.lovevivah.com/payment-policy.html]
[www.lovevivah.com/harmony.html]
[www.lovevivah.com/assets/js/bootstrap/bootstrap.min.js]
[www.lovevivah.com/assets/js/jquery.mCustomScrollbar.concat.min.js]
[www.lovevivah.com/assets/app/HomeApp7893.js]
[www.lovevivah.com/login_controller/logindd8a.html]
[www.lovevivah.com/login_controller/login59e0.html]
[www.lovevivah.com/login-help.html]
[www.lovevivah.com/assets/images/downloadapp.png]
[www.lovevivah.com/assets/images/planyourvivah3860.png]
[www.lovevivah.com/index.html]
[www.lovevivah.com/assets/img/harmony3860.png]
[www.lovevivah.com/assets/css/bootstrap/css/bootstrap.min7b30.css]
[www.lovevivah.com/assets/images/arrow.html]
[www.lovevivah.com/assets/images/page-header-img.html]
[www.lovevivah.com/assets/images/LV-icons.png]
[www.lovevivah.com/assets/images/parallax-23860.jpg]
[www.lovevivah.com/assets/css/style4c33.css]
[www.lovevivah.com/assets/css/jquery.mCustomScrollbar.min.css]
[www.lovevivah.com/assets/css/mCSB_buttons.html]
[www.lovevivah.com/assets/images/new-logo.png]
[www.lovevivah.com/assets/images/couple.png]
[www.lovevivah.com/assets/images/guaranteed.png]
[www.lovevivah.com/assets/images/leaf.png]
[www.lovevivah.com/guaranteed-vivah.html]
[www.lovevivah.com/about-us.html]
[www.lovevivah.com/login_controller/login.html]
[www.lovevivah.com/membership.html]
[www.lovevivah.com/help-support.html]
[www.lovevivah.com/contact-us.html]
[www.lovevivah.com/matrimony/blog/index.html]
[www.lovevivah.com/download-app.html]
[www.lovevivah.com/media-pr.html]
[www.lovevivah.com/success-stories/view-success-stories7a8c.html]
[www.lovevivah.com/success-stories/view-success-stories.html]
[www.lovevivah.com/elite-services.html]
[www.lovevivah.com/matrimony/hindu-matrimony.html]
[www.lovevivah.com/matrimony/jain-matrimony.html]
[www.lovevivah.com/matrimony/muslim-matrimony.html]
[www.lovevivah.com/matrimony/christian-matrimony.html]
[www.lovevivah.com/matrimony/sikh-matrimony.html]
[www.lovevivah.com/matrimony/parsi-matrimony.html]
[www.lovevivah.com/matrimony/buddhist-matrimony.html]
[www.lovevivah.com/matrimony/jewish-matrimony.html]
[www.lovevivah.com/matrimony/agarwal-matrimony.html]
[www.lovevivah.com/matrimony/gupta-matrimony.html]
[www.lovevivah.com/matrimony/arora-matrimony.html]
[www.lovevivah.com/matrimony/baniya-matrimony.html]
[www.lovevivah.com/matrimony/brahmin-matrimony.html]
[www.lovevivah.com/matrimony/jat-matrimony.html]
[www.lovevivah.com/matrimony/kayastha-matrimony.html]
[www.lovevivah.com/matrimony/khatri-matrimony.html]
[www.lovevivah.com/matrimony/rajput-matrimony.html]
[www.lovevivah.com/matrimony/sunni-matrimony.html]
[www.lovevivah.com/matrimony/delhi-matrimony.html]
[www.lovevivah.com/matrimony/chandigarh-matrimony.html]
[www.lovevivah.com/matrimony/gujarat-matrimony.html]
[www.lovevivah.com/matrimony/haryana-matrimony.html]
[www.lovevivah.com/matrimony/karnataka-matrimony.html]
[www.lovevivah.com/matrimony/maharashtra-matrimony.html]
[www.lovevivah.com/matrimony/punjab-matrimony.html]
[www.lovevivah.com/matrimony/rajasthan-matrimony.html]
[www.lovevivah.com/matrimony/uttar-pradesh-matrimony.html]
[www.lovevivah.com/matrimony/west-bengal-matrimony.html]
[www.lovevivah.com/matrimony/telangana-matrimony.html]
[www.lovevivah.com/matrimony/madhya-pradesh-matrimony.html]
[www.lovevivah.com/matrimony/andhra-pradesh-matrimony.html]
[www.lovevivah.com/matrimony/tamil-nadu-matrimony.html]
[www.lovevivah.com/matrimony/kerala-matrimony.html]
[www.lovevivah.com/matrimony/bengali-matrimony.html]
[www.lovevivah.com/matrimony/gujarati-matrimony.html]
[www.lovevivah.com/matrimony/hindi-matrimony.html]
[www.lovevivah.com/matrimony/kannada-matrimony.html]
[www.lovevivah.com/matrimony/malayalam-matrimony.html]
[www.lovevivah.com/matrimony/marathi-matrimony.html]
[www.lovevivah.com/matrimony/punjabi-matrimony.html]
[www.lovevivah.com/matrimony/tamil-matrimony.html]
[www.lovevivah.com/matrimony/telugu-matrimony.html]
[www.lovevivah.com/matrimony/urdu-matrimony.html]
[www.lovevivah.com/matrimony/india-matrimony.html]
[www.lovevivah.com/matrimony/usa-matrimony.html]
[www.lovevivah.com/matrimony/uk-matrimony.html]
[www.lovevivah.com/matrimony/canada-matrimony.html]
[www.lovevivah.com/matrimony/australia-matrimony.html]
[www.lovevivah.com/faq.html]
[www.lovevivah.com/sitemap.html]
[www.lovevivah.com/privacy-policy.html]
[www.lovevivah.com/terms-conditions.html]
[www.lovevivah.com/disclaimer.html]
[www.lovevivah.com/payment-policy.html]
[www.lovevivah.com/harmony.html]
[www.lovevivah.com/login_controller/logindd8a.html]
[www.lovevivah.com/login_controller/login59e0.html]
[www.lovevivah.com/login-help.html]
[www.lovevivah.com/assets/css/bootstrap/fonts/glyphicons-halflings-regular.html]
[www.lovevivah.com/assets/css/bootstrap/fonts/glyphicons-halflings-regulard41d.html]
[www.lovevivah.com/assets/css/bootstrap/fonts/glyphicons-halflings-regular-2.html]
[www.lovevivah.com/assets/css/bootstrap/fonts/glyphicons-halflings-regular-3.html]
[www.lovevivah.com/assets/css/bootstrap/fonts/glyphicons-halflings-regular-4.html]
[www.lovevivah.com/assets/css/bootstrap/fonts/glyphicons-halflings-regular-5.html]
[www.lovevivah.com/assets/images/arrow.html]
[www.lovevivah.com/assets/img/triangle-down.svg]
[www.lovevivah.com/assets/images/page-header-img.html]
[www.lovevivah.com/assets/css/mCSB_buttons.html]
[www.lovevivah.com/assets/css/gvivah.css]
